2025-06-08 15:50:28+0800: Running with following config:
allowResignation = true
friendlyPassOk = true
hasButton = false
koRule = SIMPLE
lagBuffer = 1.0
logAllGTPCommunication = true
logDir = gtp_logs
logSearchInfo = true
logSearchInfoForChosenMove = false
logToStderr = false
maxTime = 10
multiStoneSuicideLegal = false
nnCacheSizePowerOfTwo = 20
nnMutexPoolSizePowerOfTwo = 16
numSearchThreads = 5
ponderingEnabled = true
resignConsecTurns = 3
resignThreshold = -0.90
scoringRule = AREA
searchFactorAfterOnePass = 0.50
searchFactorAfterTwoPass = 0.25
searchFactorWhenWinning = 0.40
searchFactorWhenWinningThreshold = 0.95
taxRule = NONE
whiteHandicapBonus = N

2025-06-08 15:50:28+0800: GTP Engine starting...
2025-06-08 15:50:28+0800: KataGo v1.16.2
2025-06-08 15:50:28+0800: Using Chinese rules initially, unless GTP/GUI overrides this
2025-06-08 15:50:28+0800: Using 5 CPU thread(s) for search
2025-06-08 15:50:28+0800: nnRandSeed0 = 16096804201409810409
2025-06-08 15:50:28+0800: After dedups: nnModelFile0 = .\g170e-b20c256x2.bin.gz useFP16 auto useNHWC auto
2025-06-08 15:50:28+0800: Initializing neural net buffer to be size 19 * 19 exactly
2025-06-08 15:50:29+0800: Eigen (CPU) backend thread 1: Model version 8
2025-06-08 15:50:29+0800: Eigen (CPU) backend thread 1: Model name: g170-b20c256x2-s5303129600-d1228401921
2025-06-08 15:50:29+0800: Eigen (CPU) backend thread 3: Model version 8
2025-06-08 15:50:29+0800: Eigen (CPU) backend thread 3: Model name: g170-b20c256x2-s5303129600-d1228401921
2025-06-08 15:50:29+0800: Eigen (CPU) backend thread 4: Model version 8
2025-06-08 15:50:29+0800: Eigen (CPU) backend thread 2: Model version 8
2025-06-08 15:50:29+0800: Eigen (CPU) backend thread 2: Model name: g170-b20c256x2-s5303129600-d1228401921
2025-06-08 15:50:29+0800: Eigen (CPU) backend thread 4: Model name: g170-b20c256x2-s5303129600-d1228401921
2025-06-08 15:50:29+0800: Eigen (CPU) backend thread 0: Model version 8
2025-06-08 15:50:29+0800: Eigen (CPU) backend thread 0: Model name: g170-b20c256x2-s5303129600-d1228401921
2025-06-08 15:50:30+0800: Loaded neural net with nnXLen 19 nnYLen 19
2025-06-08 15:50:30+0800: Initializing board with boardXSize 19 boardYSize 19
2025-06-08 15:50:30+0800: Loaded config .\gtp_amd5800H_16C16G.cfg
2025-06-08 15:50:30+0800: Loaded model .\g170e-b20c256x2.bin.gz
2025-06-08 15:50:30+0800: Model name: g170-b20c256x2-s5303129600-d1228401921
2025-06-08 15:50:30+0800: GTP ready, beginning main protocol loop
2025-06-08 15:51:04+0800: Controller: kata-set-rules chinese
2025-06-08 15:51:04+0800: Changed rules to Chinese
2025-06-08 15:51:04+0800: = 
2025-06-08 15:51:14+0800: Controller: komi 7.5
2025-06-08 15:51:14+0800: = 
2025-06-08 15:51:38+0800: Controller: set_position B Q4 B C4 W P5 B P6
2025-06-08 15:51:38+0800: = 
2025-06-08 15:51:54+0800: Controller: kata-analyze interval=1000
2025-06-08 15:51:54+0800: ? Could not parse analyze arguments or arguments out of range: 'interval=1000'
2025-06-08 15:52:06+0800: Controller: kata-analyze interval=1000 maxmoves=10 ownership=true
2025-06-08 15:52:06+0800: ? Could not parse analyze arguments or arguments out of range: 'interval=1000 maxmoves=10 ownership=true'
2025-06-08 15:52:20+0800: Controller: kata-analyze interval=1000 maxmoves=10 ownership=true
2025-06-08 15:52:20+0800: ? Could not parse analyze arguments or arguments out of range: 'interval=1000 maxmoves=10 ownership=true'
