2025-06-08 15:35:32+0800: Running with following config:
allowResignation = true
friendlyPassOk = true
hasButton = false
koRule = SIMPLE
lagBuffer = 1.0
logAllGTPCommunication = true
logDir = gtp_logs
logSearchInfo = true
logSearchInfoForChosenMove = false
logToStderr = false
maxTime = 10
multiStoneSuicideLegal = false
nnCacheSizePowerOfTwo = 20
nnMutexPoolSizePowerOfTwo = 16
numSearchThreads = 6
ponderingEnabled = true
resignConsecTurns = 3
resignThreshold = -0.90
scoringRule = AREA
searchFactorAfterOnePass = 0.50
searchFactorAfterTwoPass = 0.25
searchFactorWhenWinning = 0.40
searchFactorWhenWinningThreshold = 0.95
taxRule = NONE
whiteHandicapBonus = N

2025-06-08 15:35:32+0800: Loading model and initializing benchmark...
2025-06-08 15:35:32+0800: nnRandSeed0 = 8299202438544633037
2025-06-08 15:35:32+0800: After dedups: nnModelFile0 = .\g170e-b20c256x2.bin.gz useFP16 auto useNHWC auto
2025-06-08 15:35:32+0800: Initializing neural net buffer to be size 19 * 19 exactly
2025-06-08 15:35:33+0800: Eigen (CPU) backend thread 0: Model version 8
2025-06-08 15:35:33+0800: Eigen (CPU) backend thread 0: Model name: g170-b20c256x2-s5303129600-d1228401921
2025-06-08 15:35:33+0800: Eigen (CPU) backend thread 1: Model version 8
2025-06-08 15:35:33+0800: Eigen (CPU) backend thread 1: Model name: g170-b20c256x2-s5303129600-d1228401921
2025-06-08 15:44:35+0800: GPU -1 finishing, processed 466 rows 462 batches
2025-06-08 15:44:35+0800: GPU -1 finishing, processed 463 rows 459 batches
2025-06-08 15:44:35+0800: GPU -1 finishing, processed 472 rows 472 batches
2025-06-08 15:44:35+0800: GPU -1 finishing, processed 469 rows 468 batches
