2025-06-08 15:04:05+0800: Running with following config:
allowResignation = true
lagBuffer = 1.0
logAllGTPCommunication = true
logDir = gtp_logs
logSearchInfo = true
logSearchInfoForChosenMove = false
logToStderr = false
maxTimePondering = 60.0
maxVisits = 500
numSearchThreads = 6
ponderingEnabled = false
resignConsecTurns = 3
resignThreshold = -0.90
rules = tromp-taylor
searchFactorAfterOnePass = 0.50
searchFactorAfterTwoPass = 0.25
searchFactorWhenWinning = 0.40
searchFactorWhenWinningThreshold = 0.95

2025-06-08 15:04:05+0800: Loading model and initializing benchmark...
2025-06-08 15:04:05+0800: Testing with default positions for board size: 19
2025-06-08 15:04:05+0800: nnRandSeed0 = 11630935183255799790
2025-06-08 15:04:05+0800: After dedups: nnModelFile0 = .\g170e-b20c256x2.bin.gz useFP16 auto useNHWC auto
2025-06-08 15:04:05+0800: Initializing neural net buffer to be size 19 * 19 exactly
2025-06-08 15:04:06+0800: Eigen (CPU) backend thread 0: Model version 8
2025-06-08 15:04:06+0800: Eigen (CPU) backend thread 0: Model name: g170-b20c256x2-s5303129600-d1228401921
2025-06-08 15:04:06+0800: Eigen (CPU) backend thread 1: Model version 8
2025-06-08 15:04:06+0800: Eigen (CPU) backend thread 1: Model name: g170-b20c256x2-s5303129600-d1228401921
2025-06-08 15:04:08+0800: Loaded config C:\Users\Eurekaa\Desktop\新建文件夹\katago-v1.16.2-eigenavx2-windows-x64/default_gtp.cfg
2025-06-08 15:04:08+0800: Loaded model .\g170e-b20c256x2.bin.gz
2025-06-08 15:04:08+0800: GPU -1 finishing, processed 0 rows 0 batches
2025-06-08 15:04:08+0800: GPU -1 finishing, processed 5 rows 5 batches
2025-06-08 15:04:08+0800: nnRandSeed0 = 10665850263755541715
2025-06-08 15:04:08+0800: After dedups: nnModelFile0 = .\g170e-b20c256x2.bin.gz useFP16 auto useNHWC auto
2025-06-08 15:04:08+0800: Initializing neural net buffer to be size 19 * 19 exactly
2025-06-08 15:04:09+0800: Eigen (CPU) backend thread 0: Model version 8
2025-06-08 15:04:09+0800: Eigen (CPU) backend thread 1: Model version 8
2025-06-08 15:04:09+0800: Eigen (CPU) backend thread 1: Model name: g170-b20c256x2-s5303129600-d1228401921
2025-06-08 15:04:09+0800: Eigen (CPU) backend thread 0: Model name: g170-b20c256x2-s5303129600-d1228401921
