2025-06-09 00:06:33+0800: Running with following config:
logDir = analysis_logs
maxVisits = 500
nnCacheSizePowerOfTwo = 23
nnMaxBatchSize = 64
nnMutexPoolSizePowerOfTwo = 17
nnRandomize = true
numAnalysisThreads = 2
numSearchThreads = 16
reportAnalysisWinratesAs = BLACK

2025-06-09 00:06:33+0800: Analysis Engine starting...
2025-06-09 00:06:33+0800: KataGo v1.16.2
2025-06-09 00:06:33+0800: nnRandSeed0 = 5595435661687205437
2025-06-09 00:06:33+0800: After dedups: nnModelFile0 = c:\Users\Eurekaa\Desktop\围棋分析\go_analysis\katago-v1.16.2-eigenavx2-windows-x64\g170e-b20c256x2.bin.gz useFP16 auto useNHWC auto
2025-06-09 00:06:33+0800: Initializing neural net buffer to be size 19 * 19 allowing smaller boards
2025-06-09 00:06:34+0800: Eigen (CPU) backend thread 11: Model version 8
2025-06-09 00:06:34+0800: Eigen (CPU) backend thread 11: Model name: g170-b20c256x2-s5303129600-d1228401921
2025-06-09 00:06:34+0800: Eigen (CPU) backend thread 4: Model version 8
2025-06-09 00:06:34+0800: Eigen (CPU) backend thread 4: Model name: g170-b20c256x2-s5303129600-d1228401921
2025-06-09 00:06:34+0800: Eigen (CPU) backend thread 6: Model version 8
2025-06-09 00:06:34+0800: Eigen (CPU) backend thread 9: Model version 8
2025-06-09 00:06:34+0800: Eigen (CPU) backend thread 10: Model version 8
2025-06-09 00:06:34+0800: Eigen (CPU) backend thread 2: Model version 8
2025-06-09 00:06:34+0800: Eigen (CPU) backend thread 2: Model name: g170-b20c256x2-s5303129600-d1228401921
2025-06-09 00:06:34+0800: Eigen (CPU) backend thread 6: Model name: g170-b20c256x2-s5303129600-d1228401921
2025-06-09 00:06:34+0800: Eigen (CPU) backend thread 7: Model version 8
2025-06-09 00:06:34+0800: Eigen (CPU) backend thread 3: Model version 8
2025-06-09 00:06:34+0800: Eigen (CPU) backend thread 3: Model name: g170-b20c256x2-s5303129600-d1228401921
2025-06-09 00:06:34+0800: Eigen (CPU) backend thread 8: Model version 8
2025-06-09 00:06:34+0800: Eigen (CPU) backend thread 8: Model name: g170-b20c256x2-s5303129600-d1228401921
2025-06-09 00:06:34+0800: Eigen (CPU) backend thread 0: Model version 8
2025-06-09 00:06:34+0800: Eigen (CPU) backend thread 0: Model name: g170-b20c256x2-s5303129600-d1228401921
2025-06-09 00:06:34+0800: Eigen (CPU) backend thread 1: Model version 8
2025-06-09 00:06:34+0800: Eigen (CPU) backend thread 1: Model name: g170-b20c256x2-s5303129600-d1228401921
2025-06-09 00:06:34+0800: Eigen (CPU) backend thread 14: Model version 8
2025-06-09 00:06:34+0800: Eigen (CPU) backend thread 14: Model name: g170-b20c256x2-s5303129600-d1228401921
2025-06-09 00:06:34+0800: Eigen (CPU) backend thread 7: Model name: g170-b20c256x2-s5303129600-d1228401921
2025-06-09 00:06:34+0800: Eigen (CPU) backend thread 9: Model name: g170-b20c256x2-s5303129600-d1228401921
2025-06-09 00:06:34+0800: Eigen (CPU) backend thread 5: Model version 8
2025-06-09 00:06:34+0800: Eigen (CPU) backend thread 5: Model name: g170-b20c256x2-s5303129600-d1228401921
2025-06-09 00:06:34+0800: Eigen (CPU) backend thread 13: Model version 8
2025-06-09 00:06:34+0800: Eigen (CPU) backend thread 13: Model name: g170-b20c256x2-s5303129600-d1228401921
2025-06-09 00:06:34+0800: Eigen (CPU) backend thread 15: Model version 8
2025-06-09 00:06:34+0800: Eigen (CPU) backend thread 15: Model name: g170-b20c256x2-s5303129600-d1228401921
2025-06-09 00:06:34+0800: Eigen (CPU) backend thread 12: Model version 8
2025-06-09 00:06:34+0800: Eigen (CPU) backend thread 12: Model name: g170-b20c256x2-s5303129600-d1228401921
2025-06-09 00:06:34+0800: Eigen (CPU) backend thread 10: Model name: g170-b20c256x2-s5303129600-d1228401921
2025-06-09 00:06:34+0800: Loaded config c:\Users\Eurekaa\Desktop\围棋分析\go_analysis\katago-v1.16.2-eigenavx2-windows-x64\analysis_example.cfg
2025-06-09 00:06:34+0800: Loaded model c:\Users\Eurekaa\Desktop\围棋分析\go_analysis\katago-v1.16.2-eigenavx2-windows-x64\g170e-b20c256x2.bin.gz
2025-06-09 00:06:34+0800: Analyzing up to 2 positions at a time in parallel
2025-06-09 00:06:34+0800: Started, ready to begin handling requests
